
> bluetick-digital-web@0.0.0 build
> vite build

[36mvite v4.5.14 [32mbuilding for production...[36m[39m
transforming...
[32mΓ£ô[39m 90 modules transformed.
[32mΓ£ô built in 714ms[39m
node.exe : 
[31mCould not 
resolve "./Workflows.
module.css?used" 
from "src/components/
Common/WorkflowCard.j
sx"[39m
At line:1 char:1
+ & "C:\Program Files
\nodejs/node.exe" 
"C:\Program 
Files\nodejs/node_mo 
...
+ ~~~~~~~~~~~~~~~~~~~
~~~~~~~~~~~~~~~~~~~~~
~~~~~~~~~~~~~~~~~~~~~
~~~~~~~~
    + CategoryInfo   
           : NotSpe  
  cified: ([31mCo   
 uld not ...wCard    
.jsx"[39m:Strin    
g) [], RemoteExc    
eption
    + FullyQualified 
   ErrorId : Native  
  CommandError
 
file: [36mC:/Users/A
rti/.gemini/antigravi
ty/scratch/bluetick-d
igital-web/src/compon
ents/Common/WorkflowC
ard.jsx[39m
[31merror during 
build:
RollupError: Could 
not resolve "./Workfl
ows.module.css?used" 
from "src/components/
Common/WorkflowCard.j
sx"
    at error (file://
/C:/Users/Arti/.gemin
i/antigravity/scratch
/bluetick-digital-web
/node_modules/rollup/
dist/es/shared/node-e
ntry.js:2287:30)
    at ModuleLoader.h
andleInvalidResolvedI
d (file:///C:/Users/A
rti/.gemini/antigravi
ty/scratch/bluetick-d
igital-web/node_modul
es/rollup/dist/es/sha
red/node-entry.js:248
60:24)
    at file:///C:/Use
rs/Arti/.gemini/antig
ravity/scratch/blueti
ck-digital-web/node_m
odules/rollup/dist/es
/shared/node-entry.js
:24822:26[39m
